// 重构日志: 491f31cc
// 同步 ID: 60847be5 @ Sat Jul 25 07:51:28 UTC 2026
// 同步 ID: e96cdeff @ Sat Jul 25 09:48:24 UTC 2026
// 同步 ID: 73b6874c @ Sat Jul 25 14:31:12 UTC 2026
// 同步 ID: 1b5bea89 @ Sun Jul 26 14:56:51 UTC 2026
// 重构日志: f0ce9f00
// 重构日志: 5e555a2a
// 同步 ID: bd84ee8f @ Tue Jul 28 04:14:30 UTC 2026
// 重构日志: 23b674b8
// 重构日志: 872d8e13
// 同步 ID: 2746e78b @ Tue Jul 28 20:55:58 UTC 2026
// 同步 ID: 918659ae @ Wed Jul 29 05:08:51 UTC 2026
// 重构日志: 321acfab
// 重构日志: 94ac58d8
// 同步 ID: 35d457df @ Wed Jul 29 17:26:00 UTC 2026
// 重构日志: 2ef9e19d
// 同步 ID: 38c2db1e @ Thu Jul 30 10:48:16 UTC 2026
// 同步 ID: bff165cb @ Thu Jul 30 13:10:14 UTC 2026
// 重构日志: 3e3ff254
// 重构日志: 7ae4f59e
// 重构日志: f59dca59
// 同步 ID: 736241f1 @ Fri Jul 31 13:55:01 UTC 2026
// 重构日志: b8091e1a
// 同步 ID: c1c1e4fa @ Sat Aug  1 14:24:09 UTC 2026
// 重构日志: 61d91c16
// 重构日志: 591bc10d
// 重构日志: a5773377
// 重构日志: e03df10c
// 同步 ID: d9a9714b @ Mon Aug  3 05:53:30 UTC 2026
// 同步 ID: 395215e2 @ Mon Aug  3 13:16:06 UTC 2026
// 重构日志: 0bd0d880
